GC-content: 0.800933711503
AT-content: 0.199066288497
G count: 15955
C count: 15955
A count: 3908
T count: 4023
Sum count: 39841
Total count: 40000
seq length: 40000
AT/GC Ratio: 0.248542776559
GC Classification: high GC content
